[2m$ pnpm run build:client && pnpm run build:server[22m
[2m$ cd client && vite build[22m
[31mfailed to load config from /Users/melvinchia/Desktop/lifeforge/modules/lifeforge--astronomy-widgets/client/vite.config.ts[39m
[31merror during build:
file:///Users/melvinchia/Desktop/lifeforge/modules/lifeforge--astronomy-widgets/node_modules/.vite-temp/vite.config.ts.timestamp-1784640476734-f6e40c1b0604d8.mjs:2
import { defineModuleConfig } from "file:///Users/melvinchia/Desktop/lifeforge/packages/configs/dist/vite.js";
         ^^^^^^^^^^^^^^^^^^
SyntaxError: The requested module 'file:///Users/melvinchia/Desktop/lifeforge/packages/configs/dist/vite.js' does not provide an export named 'defineModuleConfig'
    at #asyncInstantiate (node:internal/modules/esm/module_job:463:21)
    at async ModuleJob.run (node:internal/modules/esm/module_job:561:5)
    at async node:internal/modules/esm/loader:650:26
    at async loadConfigFromBundledFile (file:///Users/melvinchia/Desktop/lifeforge/node_modules/.pnpm/vite@7.3.6_@types+node@25.9.5_jiti@2.7.0_lightningcss@1.32.0_tsx@4.23.1_yaml@2.9.0/node_modules/vite/dist/node/chunks/config.js:35996:12)
    at async bundleAndLoadConfigFile (file:///Users/melvinchia/Desktop/lifeforge/node_modules/.pnpm/vite@7.3.6_@types+node@25.9.5_jiti@2.7.0_lightningcss@1.32.0_tsx@4.23.1_yaml@2.9.0/node_modules/vite/dist/node/chunks/config.js:35884:17)
    at async loadConfigFromFile (file:///Users/melvinchia/Desktop/lifeforge/node_modules/.pnpm/vite@7.3.6_@types+node@25.9.5_jiti@2.7.0_lightningcss@1.32.0_tsx@4.23.1_yaml@2.9.0/node_modules/vite/dist/node/chunks/config.js:35851:42)
    at async resolveConfig (file:///Users/melvinchia/Desktop/lifeforge/node_modules/.pnpm/vite@7.3.6_@types+node@25.9.5_jiti@2.7.0_lightningcss@1.32.0_tsx@4.23.1_yaml@2.9.0/node_modules/vite/dist/node/chunks/config.js:35500:22)
    at async createBuilder (file:///Users/melvinchia/Desktop/lifeforge/node_modules/.pnpm/vite@7.3.6_@types+node@25.9.5_jiti@2.7.0_lightningcss@1.32.0_tsx@4.23.1_yaml@2.9.0/node_modules/vite/dist/node/chunks/config.js:33955:19)
    at async CAC.<anonymous> (file:///Users/melvinchia/Desktop/lifeforge/node_modules/.pnpm/vite@7.3.6_@types+node@25.9.5_jiti@2.7.0_lightningcss@1.32.0_tsx@4.23.1_yaml@2.9.0/node_modules/vite/dist/node/cli.js:629:10)[39m
[41m[31m[[39m[49m[41m[30mELIFECYCLE[39m[49m[41m[31m][39m[49m [31mCommand failed with exit code 1.[39m
[K[0J[41m[31m[[39m[49m[41m[30mELIFECYCLE[39m[49m[41m[31m][39m[49m [31mCommand failed with exit code 1.[39m
[K[0J
